---
source: src/parser/rename.rs
expression: "rename_fn(\"Kitab\", &pos_book)"
---
- range:
    start:
      line: 22
      character: 13
    end:
      line: 22
      character: 17
  newText: Kitab
- range:
    start:
      line: 23
      character: 4
    end:
      line: 23
      character: 15
  newText: Kitab.Author
- range:
    start:
      line: 28
      character: 32
    end:
      line: 28
      character: 36
  newText: Kitab
- range:
    start:
      line: 29
      character: 34
    end:
      line: 29
      character: 45
  newText: Kitab.Author
- range:
    start:
      line: 5
      character: 8
    end:
      line: 5
      character: 12
  newText: Kitab
