---
source: src/parser/rename.rs
expression: "rename_fn(\"Writer\", &pos_author)"
---
- range:
    start:
      line: 23
      character: 4
    end:
      line: 23
      character: 15
  newText: Book.Writer
- range:
    start:
      line: 29
      character: 34
    end:
      line: 29
      character: 45
  newText: Book.Writer
- range:
    start:
      line: 11
      character: 12
    end:
      line: 11
      character: 18
  newText: Writer
- range:
    start:
      line: 15
      character: 4
    end:
      line: 15
      character: 10
  newText: Writer
