---
source: src/config/workspace.rs
expression: ws.get_config_for_uri(&inworkspace)
---
config:
  include_paths:
    - foobar
    - bazbaaz
  single_file_mode: false
  disable_parse_diagnostics: true
  experimental:
    use_protoc_diagnostics: true
formatter:
  clang_format_path: /usr/bin/clang-format
